#-----------------------------------------------------------
# Vivado v2023.1 (64-bit)
# SW Build 3865809 on Sun May  7 15:05:29 MDT 2023
# IP Build 3864474 on Sun May  7 20:36:21 MDT 2023
# SharedData Build 3865790 on Sun May 07 13:33:03 MDT 2023
# Start of session at: Thu Sep  4 21:36:30 2025
# Process ID: 21544
# Current directory: C:/Users/Baron/Desktop/EE_297_Repo/EE_297/hardware_imp/vivado/lenet_zynq/lenet_zynq.runs/impl_1
# Command line: vivado.exe -log lenet_bd_wrapper.vdi -applog -product Vivado -messageDb vivado.pb -mode batch -source lenet_bd_wrapper.tcl -notrace
# Log file: C:/Users/Baron/Desktop/EE_297_Repo/EE_297/hardware_imp/vivado/lenet_zynq/lenet_zynq.runs/impl_1/lenet_bd_wrapper.vdi
# Journal file: C:/Users/Baron/Desktop/EE_297_Repo/EE_297/hardware_imp/vivado/lenet_zynq/lenet_zynq.runs/impl_1\vivado.jou
# Running On: DESKTOP-D2NNA1U, OS: Windows, CPU Frequency: 3700 MHz, CPU Physical cores: 16, Host memory: 17101 MB
#-----------------------------------------------------------
source lenet_bd_wrapper.tcl -notrace
