

================================================================
== Vitis HLS Report for 'encoder0_c1_Pipeline_VITIS_LOOP_35_1_VITIS_LOOP_36_2_VITIS_LOOP_37_3'
================================================================
* Date:           Mon Sep  8 23:45:42 2025

* Version:        2023.1 (Build 3854077 on May  4 2023)
* Project:        lane_seg_hls
* Solution:       lane_seg (Vivado IP Flow Target)
* Product family: zynquplus
* Target device:  xczu7ev-ffvc1156-2-e


================================================================
== Performance Estimates
================================================================
+ Timing: 
    * Summary: 
    +--------+----------+-----------+------------+
    |  Clock |  Target  | Estimated | Uncertainty|
    +--------+----------+-----------+------------+
    |ap_clk  |  15.00 ns|  10.950 ns|     4.05 ns|
    +--------+----------+-----------+------------+

+ Latency: 
    * Summary: 
    +---------+---------+----------+----------+--------+--------+---------+
    |  Latency (cycles) |  Latency (absolute) |     Interval    | Pipeline|
    |   min   |   max   |    min   |    max   |   min  |   max  |   Type  |
    +---------+---------+----------+----------+--------+--------+---------+
    |   150532|   150532|  2.258 ms|  2.258 ms|  150532|  150532|       no|
    +---------+---------+----------+----------+--------+--------+---------+

    + Detail: 
        * Instance: 
        N/A

        * Loop: 
        +---------------------------------------------------+---------+---------+----------+-----------+-----------+--------+----------+
        |                                                   |  Latency (cycles) | Iteration|  Initiation Interval  |  Trip  |          |
        |                     Loop Name                     |   min   |   max   |  Latency |  achieved |   target  |  Count | Pipelined|
        +---------------------------------------------------+---------+---------+----------+-----------+-----------+--------+----------+
        |- VITIS_LOOP_35_1_VITIS_LOOP_36_2_VITIS_LOOP_37_3  |   150530|   150530|         4|          1|          1|  150528|       yes|
        +---------------------------------------------------+---------+---------+----------+-----------+-----------+--------+----------+



================================================================
== Utilization Estimates
================================================================
* Summary: 
+-----------------+---------+------+--------+--------+-----+
|       Name      | BRAM_18K|  DSP |   FF   |   LUT  | URAM|
+-----------------+---------+------+--------+--------+-----+
|DSP              |        -|     1|       -|       -|    -|
|Expression       |        -|     -|       0|     285|    -|
|FIFO             |        -|     -|       -|       -|    -|
|Instance         |        -|     -|       -|       -|    -|
|Memory           |        -|     -|       -|       -|    -|
|Multiplexer      |        -|     -|       -|      81|    -|
|Register         |        -|     -|      76|       -|    -|
+-----------------+---------+------+--------+--------+-----+
|Total            |        0|     1|      76|     366|    0|
+-----------------+---------+------+--------+--------+-----+
|Available        |      624|  1728|  460800|  230400|   96|
+-----------------+---------+------+--------+--------+-----+
|Utilization (%)  |        0|    ~0|      ~0|      ~0|    0|
+-----------------+---------+------+--------+--------+-----+

+ Detail: 
    * Instance: 
    N/A

    * DSP: 
    +----------------------------------+-------------------------------+--------------+
    |             Instance             |             Module            |  Expression  |
    +----------------------------------+-------------------------------+--------------+
    |mac_muladd_8ns_8ns_8ns_16_4_1_U1  |mac_muladd_8ns_8ns_8ns_16_4_1  |  i0 * i1 + i2|
    +----------------------------------+-------------------------------+--------------+

    * Memory: 
    N/A

    * FIFO: 
    N/A

    * Expression: 
    +-------------------------------------+----------+----+---+----+------------+------------+
    |            Variable Name            | Operation| DSP| FF| LUT| Bitwidth P0| Bitwidth P1|
    +-------------------------------------+----------+----+---+----+------------+------------+
    |add_ln35_fu_160_p2                   |         +|   0|  0|  25|          18|           1|
    |add_ln36_fu_210_p2                   |         +|   0|  0|  17|          10|           1|
    |add_ln37_fu_333_p2                   |         +|   0|  0|   9|           2|           1|
    |add_ln38_1_fu_368_p2                 |         +|   0|  0|  18|          18|          18|
    |indvars_iv_next11534_dup_fu_288_p2   |         +|   0|  0|  15|           8|           1|
    |indvars_iv_next11534_fu_248_p2       |         +|   0|  0|  15|           8|           1|
    |indvars_iv_next11534_mid1_fu_307_p2  |         +|   0|  0|  15|           8|           2|
    |indvars_iv_next11537250_fu_184_p2    |         +|   0|  0|  15|           8|           1|
    |indvars_iv_next11537_mid1_fu_178_p2  |         +|   0|  0|  15|           8|           2|
    |sub_ln38_fu_359_p2                   |         -|   0|  0|  18|          18|          18|
    |and_ln35_fu_282_p2                   |       and|   0|  0|   2|           1|           1|
    |ap_block_pp0_stage0_11001            |       and|   0|  0|   2|           1|           1|
    |ap_block_state4_pp0_stage0_iter3     |       and|   0|  0|   2|           1|           1|
    |icmp_ln35_fu_154_p2                  |      icmp|   0|  0|  25|          18|          18|
    |icmp_ln36_fu_172_p2                  |      icmp|   0|  0|  17|          10|          10|
    |icmp_ln37_fu_276_p2                  |      icmp|   0|  0|   9|           2|           2|
    |or_ln36_fu_294_p2                    |        or|   0|  0|   2|           1|           1|
    |select_ln35_1_fu_190_p3              |    select|   0|  0|   8|           1|           8|
    |select_ln35_2_fu_264_p3              |    select|   0|  0|   8|           1|           1|
    |select_ln35_3_fu_202_p3              |    select|   0|  0|   8|           1|           8|
    |select_ln35_fu_257_p3                |    select|   0|  0|   8|           1|           1|
    |select_ln36_1_fu_313_p3              |    select|   0|  0|   8|           1|           8|
    |select_ln36_2_fu_325_p3              |    select|   0|  0|   8|           1|           8|
    |select_ln36_3_fu_216_p3              |    select|   0|  0|  10|           1|           1|
    |select_ln36_fu_299_p3                |    select|   0|  0|   2|           1|           1|
    |ap_enable_pp0                        |       xor|   0|  0|   2|           1|           2|
    |xor_ln35_fu_271_p2                   |       xor|   0|  0|   2|           1|           2|
    +-------------------------------------+----------+----+---+----+------------+------------+
    |Total                                |          |   0|  0| 285|         150|         120|
    +-------------------------------------+----------+----+---+----+------------+------------+

    * Multiplexer: 
    +-------------------------+----+-----------+-----+-----------+
    |           Name          | LUT| Input Size| Bits| Total Bits|
    +-------------------------+----+-----------+-----+-----------+
    |ap_done_int              |   9|          2|    1|          2|
    |ap_enable_reg_pp0_iter1  |   9|          2|    1|          2|
    |ap_enable_reg_pp0_iter4  |   9|          2|    1|          2|
    |c_fu_78                  |   9|          2|    2|          4|
    |gmem_in_blk_n_R          |   9|          2|    1|          2|
    |indvar_flatten14_fu_94   |   9|          2|   18|         36|
    |indvar_flatten_fu_86     |   9|          2|   10|         20|
    |x_fu_82                  |   9|          2|    8|         16|
    |y_fu_90                  |   9|          2|    8|         16|
    +-------------------------+----+-----------+-----+-----------+
    |Total                    |  81|         18|   50|        100|
    +-------------------------+----+-----------+-----+-----------+

    * Register: 
    +----------------------------------+----+----+-----+-----------+
    |               Name               | FF | LUT| Bits| Const Bits|
    +----------------------------------+----+----+-----+-----------+
    |ap_CS_fsm                         |   1|   0|    1|          0|
    |ap_done_reg                       |   1|   0|    1|          0|
    |ap_enable_reg_pp0_iter1           |   1|   0|    1|          0|
    |ap_enable_reg_pp0_iter2           |   1|   0|    1|          0|
    |ap_enable_reg_pp0_iter3           |   1|   0|    1|          0|
    |ap_enable_reg_pp0_iter4           |   1|   0|    1|          0|
    |ap_loop_exit_ready_pp0_iter2_reg  |   1|   0|    1|          0|
    |ap_loop_exit_ready_pp0_iter3_reg  |   1|   0|    1|          0|
    |c_fu_78                           |   2|   0|    2|          0|
    |gmem_in_addr_read_reg_456         |  16|   0|   16|          0|
    |icmp_ln35_reg_429                 |   1|   0|    1|          0|
    |icmp_ln35_reg_429_pp0_iter2_reg   |   1|   0|    1|          0|
    |icmp_ln36_reg_433                 |   1|   0|    1|          0|
    |icmp_ln36_reg_433_pp0_iter2_reg   |   1|   0|    1|          0|
    |indvar_flatten14_fu_94            |  18|   0|   18|          0|
    |indvar_flatten_fu_86              |  10|   0|   10|          0|
    |select_ln36_reg_446               |   2|   0|    2|          0|
    |x_fu_82                           |   8|   0|    8|          0|
    |y_fu_90                           |   8|   0|    8|          0|
    +----------------------------------+----+----+-----+-----------+
    |Total                             |  76|   0|   76|          0|
    +----------------------------------+----+----+-----+-----------+



================================================================
== Interface
================================================================
* Summary: 
+------------------------+-----+-----+------------+----------------------------------------------------------------------+--------------+
|        RTL Ports       | Dir | Bits|  Protocol  |                             Source Object                            |    C Type    |
+------------------------+-----+-----+------------+----------------------------------------------------------------------+--------------+
|ap_clk                  |   in|    1|  ap_ctrl_hs|  encoder0_c1_Pipeline_VITIS_LOOP_35_1_VITIS_LOOP_36_2_VITIS_LOOP_37_3|  return value|
|ap_rst                  |   in|    1|  ap_ctrl_hs|  encoder0_c1_Pipeline_VITIS_LOOP_35_1_VITIS_LOOP_36_2_VITIS_LOOP_37_3|  return value|
|ap_start                |   in|    1|  ap_ctrl_hs|  encoder0_c1_Pipeline_VITIS_LOOP_35_1_VITIS_LOOP_36_2_VITIS_LOOP_37_3|  return value|
|ap_done                 |  out|    1|  ap_ctrl_hs|  encoder0_c1_Pipeline_VITIS_LOOP_35_1_VITIS_LOOP_36_2_VITIS_LOOP_37_3|  return value|
|ap_idle                 |  out|    1|  ap_ctrl_hs|  encoder0_c1_Pipeline_VITIS_LOOP_35_1_VITIS_LOOP_36_2_VITIS_LOOP_37_3|  return value|
|ap_ready                |  out|    1|  ap_ctrl_hs|  encoder0_c1_Pipeline_VITIS_LOOP_35_1_VITIS_LOOP_36_2_VITIS_LOOP_37_3|  return value|
|m_axi_gmem_in_AWVALID   |  out|    1|       m_axi|                                                               gmem_in|       pointer|
|m_axi_gmem_in_AWREADY   |   in|    1|       m_axi|                                                               gmem_in|       pointer|
|m_axi_gmem_in_AWADDR    |  out|   64|       m_axi|                                                               gmem_in|       pointer|
|m_axi_gmem_in_AWID      |  out|    1|       m_axi|                                                               gmem_in|       pointer|
|m_axi_gmem_in_AWLEN     |  out|   32|       m_axi|                                                               gmem_in|       pointer|
|m_axi_gmem_in_AWSIZE    |  out|    3|       m_axi|                                                               gmem_in|       pointer|
|m_axi_gmem_in_AWBURST   |  out|    2|       m_axi|                                                               gmem_in|       pointer|
|m_axi_gmem_in_AWLOCK    |  out|    2|       m_axi|                                                               gmem_in|       pointer|
|m_axi_gmem_in_AWCACHE   |  out|    4|       m_axi|                                                               gmem_in|       pointer|
|m_axi_gmem_in_AWPROT    |  out|    3|       m_axi|                                                               gmem_in|       pointer|
|m_axi_gmem_in_AWQOS     |  out|    4|       m_axi|                                                               gmem_in|       pointer|
|m_axi_gmem_in_AWREGION  |  out|    4|       m_axi|                                                               gmem_in|       pointer|
|m_axi_gmem_in_AWUSER    |  out|    1|       m_axi|                                                               gmem_in|       pointer|
|m_axi_gmem_in_WVALID    |  out|    1|       m_axi|                                                               gmem_in|       pointer|
|m_axi_gmem_in_WREADY    |   in|    1|       m_axi|                                                               gmem_in|       pointer|
|m_axi_gmem_in_WDATA     |  out|   16|       m_axi|                                                               gmem_in|       pointer|
|m_axi_gmem_in_WSTRB     |  out|    2|       m_axi|                                                               gmem_in|       pointer|
|m_axi_gmem_in_WLAST     |  out|    1|       m_axi|                                                               gmem_in|       pointer|
|m_axi_gmem_in_WID       |  out|    1|       m_axi|                                                               gmem_in|       pointer|
|m_axi_gmem_in_WUSER     |  out|    1|       m_axi|                                                               gmem_in|       pointer|
|m_axi_gmem_in_ARVALID   |  out|    1|       m_axi|                                                               gmem_in|       pointer|
|m_axi_gmem_in_ARREADY   |   in|    1|       m_axi|                                                               gmem_in|       pointer|
|m_axi_gmem_in_ARADDR    |  out|   64|       m_axi|                                                               gmem_in|       pointer|
|m_axi_gmem_in_ARID      |  out|    1|       m_axi|                                                               gmem_in|       pointer|
|m_axi_gmem_in_ARLEN     |  out|   32|       m_axi|                                                               gmem_in|       pointer|
|m_axi_gmem_in_ARSIZE    |  out|    3|       m_axi|                                                               gmem_in|       pointer|
|m_axi_gmem_in_ARBURST   |  out|    2|       m_axi|                                                               gmem_in|       pointer|
|m_axi_gmem_in_ARLOCK    |  out|    2|       m_axi|                                                               gmem_in|       pointer|
|m_axi_gmem_in_ARCACHE   |  out|    4|       m_axi|                                                               gmem_in|       pointer|
|m_axi_gmem_in_ARPROT    |  out|    3|       m_axi|                                                               gmem_in|       pointer|
|m_axi_gmem_in_ARQOS     |  out|    4|       m_axi|                                                               gmem_in|       pointer|
|m_axi_gmem_in_ARREGION  |  out|    4|       m_axi|                                                               gmem_in|       pointer|
|m_axi_gmem_in_ARUSER    |  out|    1|       m_axi|                                                               gmem_in|       pointer|
|m_axi_gmem_in_RVALID    |   in|    1|       m_axi|                                                               gmem_in|       pointer|
|m_axi_gmem_in_RREADY    |  out|    1|       m_axi|                                                               gmem_in|       pointer|
|m_axi_gmem_in_RDATA     |   in|   16|       m_axi|                                                               gmem_in|       pointer|
|m_axi_gmem_in_RLAST     |   in|    1|       m_axi|                                                               gmem_in|       pointer|
|m_axi_gmem_in_RID       |   in|    1|       m_axi|                                                               gmem_in|       pointer|
|m_axi_gmem_in_RFIFONUM  |   in|   10|       m_axi|                                                               gmem_in|       pointer|
|m_axi_gmem_in_RUSER     |   in|    1|       m_axi|                                                               gmem_in|       pointer|
|m_axi_gmem_in_RRESP     |   in|    2|       m_axi|                                                               gmem_in|       pointer|
|m_axi_gmem_in_BVALID    |   in|    1|       m_axi|                                                               gmem_in|       pointer|
|m_axi_gmem_in_BREADY    |  out|    1|       m_axi|                                                               gmem_in|       pointer|
|m_axi_gmem_in_BRESP     |   in|    2|       m_axi|                                                               gmem_in|       pointer|
|m_axi_gmem_in_BID       |   in|    1|       m_axi|                                                               gmem_in|       pointer|
|m_axi_gmem_in_BUSER     |   in|    1|       m_axi|                                                               gmem_in|       pointer|
|sext_ln35               |   in|   63|     ap_none|                                                             sext_ln35|        scalar|
|padded_address0         |  out|   18|   ap_memory|                                                                padded|         array|
|padded_ce0              |  out|    1|   ap_memory|                                                                padded|         array|
|padded_we0              |  out|    1|   ap_memory|                                                                padded|         array|
|padded_d0               |  out|   16|   ap_memory|                                                                padded|         array|
+------------------------+-----+-----+------------+----------------------------------------------------------------------+--------------+

